 1 <e>       'e' 
 1 <ou>      'ou' 
 2 <ka>      'ka' 
 2 <klasi>   'klasi' 
 2 <keli>    'keli' 
 3 <si>      'si' 
 3 <sinou>   'sinou' 
 3 <super>   'super' 
 4 <falsu>   'falsu' 
 4 <funson>  'funson' 
 5 <di>      'di' 
 5 <divolvi> 'divolvi' 
 6 <ti>      'ti' 
 6 <timenti> 'timenti' 
 7 <imprimi> 'imprimi' 
 8 <verdadi> 'verdadi'
 9 <mimoria> 'mimoria'
 10 <nulo>   'nulo'