1 <string>                 '"2"' 
1 <string>                 '"Hello World."' 
4 <string>                 '"some random 
string with break line and 
numbers 1234"' 
5 <string>                 '"      "' 
6 <string>                 '"Hello "' 
6 <identifier>             'World' 
6 <string>                 '""' 
6 <string>                 '"!"' 